[technext.github.io/Safia/v1.0.1/index.html]
[backblue.gif]
[fade.gif]
[index.html]
[technext.github.io/Safia/v1.0.1/assets/img/favicons/favicon.png]
[cdnjs.cloudflare.com/ajax/libs/font-awesome/5.15.2/css/all.min.css]
[technext.github.io/Safia/v1.0.1/assets/css/theme.min.css]
[technext.github.io/Safia/v1.0.1/vendors/swiper/swiper-bundle.min.css]
[technext.github.io/Safia/v1.0.1/index-2.html]
[technext.github.io/Safia/v1.0.1/assets/img/gallery/logo.png]
[technext.github.io/Safia/v1.0.1/assets/img/gallery/dashboard.png]
[technext.github.io/Safia/v1.0.1/assets/img/gallery/brands/google.png]
[technext.github.io/Safia/v1.0.1/assets/img/gallery/brands/slack.png]
[technext.github.io/Safia/v1.0.1/assets/img/gallery/brands/amazon.png]
[technext.github.io/Safia/v1.0.1/assets/img/gallery/brands/zoom.png]
[technext.github.io/Safia/v1.0.1/assets/img/gallery/brands/netflix.png]
[technext.github.io/Safia/v1.0.1/assets/img/gallery/dashboardicon.png]
[technext.github.io/Safia/v1.0.1/assets/img/gallery/comment.png]
[technext.github.io/Safia/v1.0.1/assets/img/gallery/trilored.png]
[technext.github.io/Safia/v1.0.1/assets/img/gallery/statistics.png]
[technext.github.io/Safia/v1.0.1/assets/img/gallery/profile.png]
[technext.github.io/Safia/v1.0.1/assets/img/gallery/folder.png]
[technext.github.io/Safia/v1.0.1/assets/img/gallery/comment1.png]
[technext.github.io/Safia/v1.0.1/assets/img/gallery/comment2.png]
[technext.github.io/Safia/v1.0.1/assets/img/gallery/comment3.png]
[technext.github.io/Safia/v1.0.1/assets/img/gallery/facebook-line1.svg]
[technext.github.io/Safia/v1.0.1/assets/img/gallery/linkedin-line1.svg]
[technext.github.io/Safia/v1.0.1/assets/img/gallery/twitter-line1.svg]
[technext.github.io/Safia/v1.0.1/assets/img/gallery/instagram-line1.svg]
[technext.github.io/Safia/v1.0.1/vendors/@popperjs/popper.min.js]
[technext.github.io/Safia/v1.0.1/vendors/bootstrap/bootstrap.min.js]
[technext.github.io/Safia/v1.0.1/vendors/is/is.min.js]
[technext.github.io/Safia/v1.0.1/vendors/swiper/swiper-bundle.min.js]
[technext.github.io/Safia/v1.0.1/index.html]
[cdnjs.cloudflare.com/ajax/libs/font-awesome/5.15.2/css/all.min.css]
[technext.github.io/Safia/v1.0.1/assets/js/theme.js]
[technext.github.io/Safia/v1.0.1/assets/fonts/CircularStd-MediumItalic.eot]
[technext.github.io/Safia/v1.0.1/assets/fonts/CircularStd-MediumItalicd41d.eot]
[technext.github.io/Safia/v1.0.1/assets/fonts/CircularStd-MediumItalic.woff2]
[technext.github.io/Safia/v1.0.1/assets/fonts/CircularStd-MediumItalic.woff]
[technext.github.io/Safia/v1.0.1/assets/fonts/CircularStd-MediumItalic.ttf]
[technext.github.io/Safia/v1.0.1/assets/fonts/CircularStd-Black.eot]
[technext.github.io/Safia/v1.0.1/assets/fonts/CircularStd-Blackd41d.eot]
[technext.github.io/Safia/v1.0.1/assets/fonts/CircularStd-Black.woff2]
[technext.github.io/Safia/v1.0.1/assets/fonts/CircularStd-Black.woff]
[technext.github.io/Safia/v1.0.1/assets/fonts/CircularStd-Black.ttf]
[technext.github.io/Safia/v1.0.1/assets/fonts/CircularStd-Medium.eot]
[technext.github.io/Safia/v1.0.1/assets/fonts/CircularStd-Mediumd41d.eot]
[technext.github.io/Safia/v1.0.1/assets/fonts/CircularStd-Medium.woff2]
[technext.github.io/Safia/v1.0.1/assets/fonts/CircularStd-Medium.woff]
[technext.github.io/Safia/v1.0.1/assets/fonts/CircularStd-Medium.ttf]
[technext.github.io/Safia/v1.0.1/assets/fonts/CircularStd-Bold.eot]
[technext.github.io/Safia/v1.0.1/assets/fonts/CircularStd-Boldd41d.eot]
[technext.github.io/Safia/v1.0.1/assets/fonts/CircularStd-Bold.woff2]
[technext.github.io/Safia/v1.0.1/assets/fonts/CircularStd-Bold.woff]
[technext.github.io/Safia/v1.0.1/assets/fonts/CircularStd-Bold.ttf]
[technext.github.io/Safia/v1.0.1/assets/fonts/CircularStd-BlackItalic.eot]
[technext.github.io/Safia/v1.0.1/assets/fonts/CircularStd-BlackItalicd41d.eot]
[technext.github.io/Safia/v1.0.1/assets/fonts/CircularStd-BlackItalic.woff2]
[technext.github.io/Safia/v1.0.1/assets/fonts/CircularStd-BlackItalic.woff]
[technext.github.io/Safia/v1.0.1/assets/fonts/CircularStd-BlackItalic.ttf]
[technext.github.io/Safia/v1.0.1/assets/fonts/CircularStd-BookItalic.eot]
[technext.github.io/Safia/v1.0.1/assets/fonts/CircularStd-BookItalicd41d.eot]
[technext.github.io/Safia/v1.0.1/assets/fonts/CircularStd-BookItalic.woff2]
[technext.github.io/Safia/v1.0.1/assets/fonts/CircularStd-BookItalic.woff]
[technext.github.io/Safia/v1.0.1/assets/fonts/CircularStd-BookItalic.ttf]
[technext.github.io/Safia/v1.0.1/assets/fonts/CircularStd-BoldItalic.eot]
[technext.github.io/Safia/v1.0.1/assets/fonts/CircularStd-BoldItalicd41d.eot]
[technext.github.io/Safia/v1.0.1/assets/fonts/CircularStd-BoldItalic.woff2]
[technext.github.io/Safia/v1.0.1/assets/fonts/CircularStd-BoldItalic.woff]
[technext.github.io/Safia/v1.0.1/assets/fonts/CircularStd-BoldItalic.ttf]
[technext.github.io/Safia/v1.0.1/assets/fonts/CircularStd-Book.eot]
[technext.github.io/Safia/v1.0.1/assets/fonts/CircularStd-Bookd41d.eot]
[technext.github.io/Safia/v1.0.1/assets/fonts/CircularStd-Book.woff2]
[technext.github.io/Safia/v1.0.1/assets/fonts/CircularStd-Book.woff]
[technext.github.io/Safia/v1.0.1/assets/css/theme.min.css]
[technext.github.io/Safia/v1.0.1/assets/fonts/CircularStd-Book.ttf]
[technext.github.io/Safia/v1.0.1/vendors/swiper/swiper-bundle.min.css]
[technext.github.io/Safia/v1.0.1/index-2.html]
[technext.github.io/Safia/v1.0.1/assets/img/gallery/facebook-line1.svg]
[technext.github.io/Safia/v1.0.1/assets/img/gallery/linkedin-line1.svg]
[technext.github.io/Safia/v1.0.1/assets/img/gallery/twitter-line1.svg]
[technext.github.io/Safia/v1.0.1/assets/img/gallery/instagram-line1.svg]
